
> discord-memory-bot@1.0.0 build
> tsc

src/db/client.ts(1,10): error TS2305: Module '"@prisma/client"' has no exported member 'PrismaClient'.
src/discord/client.ts(7,5): error TS6133: 'REST' is declared but its value is never read.
src/discord/client.ts(8,5): error TS6133: 'Routes' is declared but its value is never read.
src/discord/client.ts(9,5): error TS6133: 'SlashCommandBuilder' is declared but its value is never read.
src/discord/client.ts(108,35): error TS2339: Property 'sendTyping' does not exist on type 'DMChannel | PartialDMChannel | PartialGroupDMChannel | NewsChannel | StageChannel | TextChannel | PublicThreadChannel<...> | PrivateThreadChannel | VoiceChannel'.
  Property 'sendTyping' does not exist on type 'PartialGroupDMChannel'.
src/discord/client.ts(117,43): error TS2339: Property 'send' does not exist on type 'DMChannel | PartialDMChannel | PartialGroupDMChannel | NewsChannel | StageChannel | TextChannel | PublicThreadChannel<...> | PrivateThreadChannel | VoiceChannel'.
  Property 'send' does not exist on type 'PartialGroupDMChannel'.
src/discord/commands/CommandHandler.ts(1,66): error TS6133: 'TextChannel' is declared but its value is never read.
src/discord/commands/CommandHandler.ts(290,58): error TS2339: Property 'getTranscriptsByChannel' does not exist on type 'MemoryService'.
src/discord/commands/CommandHandler.ts(304,23): error TS7006: Parameter 't' implicitly has an 'any' type.
src/discord/commands/CommandHandler.ts(316,31): error TS2345: Argument of type 'string | undefined' is not assignable to parameter of type 'string | null'.
  Type 'undefined' is not assignable to type 'string | null'.
src/discord/commands/CommandHandler.ts(354,58): error TS2339: Property 'getTranscriptsByUser' does not exist on type 'MemoryService'.
src/discord/commands/CommandHandler.ts(368,23): error TS7006: Parameter 't' implicitly has an 'any' type.
src/discord/commands/CommandHandler.ts(380,31): error TS2345: Argument of type 'string | undefined' is not assignable to parameter of type 'string | null'.
  Type 'undefined' is not assignable to type 'string | null'.
src/discord/voice/VoiceSessionManager.ts(9,24): error TS6133: 'GuildMember' is declared but its value is never read.
src/discord/voice/VoiceSessionManager.ts(10,1): error TS6133: 'pipeline' is declared but its value is never read.
src/discord/voice/VoiceSessionManager.ts(11,1): error TS6133: 'createWriteStream' is declared but its value is never read.
src/discord/voice/VoiceSessionManager.ts(14,1): error TS6133: 'prism' is declared but its value is never read.
src/discord/voice/VoiceSessionManager.ts(15,24): error TS2307: Cannot find module '../utils/logger' or its corresponding type declarations.
src/discord/voice/VoiceSessionManager.ts(16,31): error TS2307: Cannot find module '../services/speech/SpeechService' or its corresponding type declarations.
src/discord/voice/VoiceSessionManager.ts(17,31): error TS2307: Cannot find module '../services/memory/MemoryService' or its corresponding type declarations.
src/discord/voice/VoiceSessionManager.ts(18,24): error TS2307: Cannot find module '../config' or its corresponding type declarations.
src/discord/voice/VoiceSessionManager.ts(19,24): error TS6133: 'AudioChunk' is declared but its value is never read.
src/discord/voice/VoiceSessionManager.ts(19,42): error TS2307: Cannot find module '../types' or its corresponding type declarations.
src/discord/voice/VoiceSessionManager.ts(65,17): error TS2322: Type 'InternalDiscordGatewayAdapterCreator' is not assignable to type 'DiscordGatewayAdapterCreator'.
  Types of parameters 'methods' and 'methods' are incompatible.
    Type 'DiscordGatewayAdapterLibraryMethods' is not assignable to type 'InternalDiscordGatewayAdapterLibraryMethods'.
      Types of property 'onVoiceStateUpdate' are incompatible.
        Type '(data: GatewayVoiceState) => void' is not assignable to type '(data: APIVoiceState) => void'.
          Types of parameters 'data' and 'data' are incompatible.
            Type 'APIVoiceState' is not assignable to type 'GatewayVoiceState'.
              Types of property 'member' are incompatible.
                Type 'import("C:/Users/zhifs/Documents/handiwcbot/node_modules/discord.js/node_modules/discord-api-types/payloads/v10/guild").APIGuildMember | undefined' is not assignable to type 'import("C:/Users/zhifs/Documents/handiwcbot/node_modules/discord-api-types/payloads/v10/guild").APIGuildMember | undefined'.
                  Type 'import("C:/Users/zhifs/Documents/handiwcbot/node_modules/discord.js/node_modules/discord-api-types/payloads/v10/guild").APIGuildMember' is not assignable to type 'import("C:/Users/zhifs/Documents/handiwcbot/node_modules/discord-api-types/payloads/v10/guild").APIGuildMember'.
                    Types of property 'joined_at' are incompatible.
                      Type 'string | null' is not assignable to type 'string'.
                        Type 'null' is not assignable to type 'string'.
src/index.ts(1,1): error TS6133: 'config' is declared but its value is never read.
src/services/ai/AiService.ts(2,24): error TS2307: Cannot find module '../config' or its corresponding type declarations.
src/services/ai/AiService.ts(3,24): error TS2307: Cannot find module '../utils/logger' or its corresponding type declarations.
src/services/ai/AiService.ts(4,34): error TS2307: Cannot find module '../utils/helpers' or its corresponding type declarations.
src/services/ai/AiService.ts(11,5): error TS6133: 'ChatCompletionResult' is declared but its value is never read.
src/services/ai/AiService.ts(12,5): error TS6133: 'EmbeddingResult' is declared but its value is never read.
src/services/ai/AiService.ts(13,8): error TS2307: Cannot find module '../types' or its corresponding type declarations.
src/services/ai/AiService.ts(208,9): error TS6133: 'serverId' is declared but its value is never read.
src/services/memory/MemoryService.ts(6,5): error TS6133: 'ChatContext' is declared but its value is never read.
src/services/speech/SpeechService.ts(1,24): error TS2307: Cannot find module '../config' or its corresponding type declarations.
src/services/speech/SpeechService.ts(2,24): error TS2307: Cannot find module '../utils/logger' or its corresponding type declarations.
src/services/speech/SpeechService.ts(3,34): error TS2307: Cannot find module '../utils/helpers' or its corresponding type declarations.
src/services/speech/SpeechService.ts(4,37): error TS2307: Cannot find module '../types' or its corresponding type declarations.
src/services/speech/SpeechService.ts(18,64): error TS6133: 'match' is declared but its value is never read.
src/types/index.ts(1,1): error TS6133: 'Message' is declared but its value is never read.
